// Jest Snapshot v1, https://goo.gl/fbAQLP

exports[`renders the details for the Events header 1`] = `
<section
  className="
			bg-white
			WithTheme(WithWidth(Section))-section"
  name="event-details"
>
  <div
    className="WithTheme(WithWidth(Section))-element"
    name="event-details"
  />
  <div
    className="
			container
			
			
			
			
			
			WithTheme(WithWidth(Container))-containerCenter
		"
  >
    <div
      className="row"
    >
      <div
        className="col-12 col-md-8"
      >
        <h2
          className="MuiTypography-root MuiTypography-title MuiTypography-alignCenter"
        >
          Data Oriented Design with Maxim Zaks
        </h2>
        <h3
          className="MuiTypography-root MuiTypography-subheading MuiTypography-gutterBottom MuiTypography-alignCenter"
        >
          26 september 2018
        </h3>
        descriptionElem
      </div>
      <div
        className="col-12 col-md-4"
      >
        <div
          className="MuiPaper-root MuiPaper-elevation8 MuiPaper-rounded MuiCard-root card"
        >
          <div
            className="MuiCardMedia-root media"
            style={
              Object {
                "backgroundImage": "url(\\"foo.png\\")",
              }
            }
            title="Data Oriented Design with Maxim Zaks"
          />
          <div
            className="MuiCardContent-root"
          />
          <div
            className="MuiCardActions-root"
          >
            <a
              className="MuiButtonBase-root MuiButton-root MuiButton-text MuiButton-textPrimary MuiButton-flat MuiButton-flatPrimary MuiCardActions-action"
              href="https://www.codestar.nl"
              onBlur={[Function]}
              onContextMenu={[Function]}
              onFocus={[Function]}
              onKeyDown={[Function]}
              onKeyUp={[Function]}
              onMouseDown={[Function]}
              onMouseLeave={[Function]}
              onMouseUp={[Function]}
              onTouchEnd={[Function]}
              onTouchMove={[Function]}
              onTouchStart={[Function]}
              role="button"
              tabIndex="0"
            >
              <span
                className="MuiButton-label"
              >
                SIGN_UP
              </span>
              <span
                className="MuiTouchRipple-root"
              />
            </a>
          </div>
        </div>
      </div>
    </div>
  </div>
</section>
`;
