// Jest Snapshot v1, https://goo.gl/fbAQLP

exports[`<TweetList /> Snaphot must match some tweet list 1`] = `
<div
  className="MuiPaper-root MuiPaper-elevation8 MuiPaper-rounded MuiCard-root card"
>
  <div
    className="MuiCardHeader-root"
  >
    <div
      className="MuiCardHeader-avatar"
    >
      <div
        aria-label="Speaker Twitter Avatar"
        className="MuiAvatar-root MuiAvatar-colorDefault"
      />
    </div>
    <div
      className="MuiCardHeader-content"
    >
      <span
        className="MuiTypography-root MuiTypography-body2 MuiCardHeader-title"
      >
        someAwesomeName
      </span>
      <span
        className="MuiTypography-root MuiTypography-body2 MuiTypography-colorTextSecondary MuiCardHeader-subheader"
      >
        b
      </span>
    </div>
  </div>
  <div
    className="MuiCardMedia-root media"
    style={
      Object {
        "backgroundImage": "url(\\"a\\")",
      }
    }
    title="c"
  />
  <div
    className="MuiCardContent-root"
  >
    <div
      className="p-2"
    >
      <a
        href="https://twitter.com/someAwesomeScreenName/status/undefined"
      >
        <div
          className="MuiTypography-root MuiTypography-body1 prefix"
        >
          <img
            className="mr-2"
            src="https://res.cloudinary.com/codestar/image/upload/f_auto/w_30/v1542784068/codestar.nl/images/events/twitter"
          />
          Fri Aug 31 2018
        </div>
        <p
          className="MuiTypography-root MuiTypography-body1"
        >
          some awesome text
        </p>
      </a>
    </div>
    <div
      className="p-2"
    >
      <a
        href="https://twitter.com/someOtherAwesomeScreenName/status/undefined"
      >
        <div
          className="MuiTypography-root MuiTypography-body1 prefix"
        >
          <img
            className="mr-2"
            src="https://res.cloudinary.com/codestar/image/upload/f_auto/w_30/v1542784068/codestar.nl/images/events/twitter"
          />
          Sun Sep 02 2018
        </div>
        <p
          className="MuiTypography-root MuiTypography-body1"
        >
          some other awesome text
        </p>
      </a>
    </div>
  </div>
  <div
    className="MuiCardActions-root"
  >
    <a
      className="MuiButtonBase-root MuiButton-root MuiButton-text MuiButton-textSecondary MuiButton-flat MuiButton-flatSecondary MuiButton-sizeSmall MuiCardActions-action"
      href="https://twitter.com/someAwesomeScreenName?lang=en"
      onBlur={[Function]}
      onContextMenu={[Function]}
      onFocus={[Function]}
      onKeyDown={[Function]}
      onKeyUp={[Function]}
      onMouseDown={[Function]}
      onMouseLeave={[Function]}
      onMouseUp={[Function]}
      onTouchEnd={[Function]}
      onTouchMove={[Function]}
      onTouchStart={[Function]}
      role="button"
      tabIndex="0"
    >
      <span
        className="MuiButton-label"
      >
        About 
        someAwesomeName
      </span>
      <span
        className="MuiTouchRipple-root"
      />
    </a>
  </div>
</div>
`;
