// Jest Snapshot v1, https://goo.gl/fbAQLP

exports[`<TweetList /> Snaphot must match some tweet list 1`] = `
<div
  className=""
>
  <div
    className="tweet"
  >
    <div
      className="tweetHeader"
    >
      <span
        className="label labelBlack labelMedium"
      >
        someAwesomeName
      </span>
      <span
        className="label labelBlack labelMedium"
      >
        @someAwesomeScreenName
      </span>
      <span
        className="label labelBlack labelMedium"
      >
        Fri Aug 31 2018
      </span>
    </div>
    <div
      className="tweetBody"
    >
      <span
        className="label labelBlack labelSmall"
      >
        some awesome text
      </span>
    </div>
  </div>
  <div
    className="tweet"
  >
    <div
      className="tweetHeader"
    >
      <span
        className="label labelBlack labelMedium"
      >
        someOtherAwesomeName
      </span>
      <span
        className="label labelBlack labelMedium"
      >
        @someOtherAwesomeScreenName
      </span>
      <span
        className="label labelBlack labelMedium"
      >
        Sun Sep 02 2018
      </span>
    </div>
    <div
      className="tweetBody"
    >
      <span
        className="label labelBlack labelSmall"
      >
        some other awesome text
      </span>
    </div>
  </div>
</div>
`;
