// Jest Snapshot v1, https://goo.gl/fbAQLP

exports[`<TrainingsSection /> Snaphot must match the static training section 1`] = `
<section
  className="
			section
			WithTheme(WithWidth(Section))-section"
  name="trainings"
>
  <div
    className="WithTheme(WithWidth(Section))-element"
    name="trainings"
  />
  <img
    alt="Person receiving training at Codestar"
    className="asBackgroundImage"
    sizes="100w"
    src="/images/jobs/codestar_4.png"
    srcSet="https://res.cloudinary.com/codestar/image/upload/f_auto/w_375//e_grayscale/co_rgb:0057ae,e_colorize:40/v1542784068/codestar.nl/images/jobs/codestar_4.png 375w, https://res.cloudinary.com/codestar/image/upload/f_auto/w_800//e_grayscale/co_rgb:0057ae,e_colorize:40/v1542784068/codestar.nl/images/jobs/codestar_4.png 800w, https://res.cloudinary.com/codestar/image/upload/f_auto/w_1280//e_grayscale/co_rgb:0057ae,e_colorize:40/v1542784068/codestar.nl/images/jobs/codestar_4.png 1280w, https://res.cloudinary.com/codestar/image/upload/f_auto/w_1536//e_grayscale/co_rgb:0057ae,e_colorize:40/v1542784068/codestar.nl/images/jobs/codestar_4.png 1536w, https://res.cloudinary.com/codestar/image/upload/f_auto/w_1920//e_grayscale/co_rgb:0057ae,e_colorize:40/v1542784068/codestar.nl/images/jobs/codestar_4.png 1920w"
    title=""
  />
  <div
    className="
			container
			
			
			WithTheme(WithWidth(Container))-fullHeight
			
			
			WithTheme(WithWidth(Container))-containerCenter
		"
  >
    <div
      className="row"
    >
      <div
        className="col-12 col-lg-6"
      >
        <div
          className="mt-4"
        >
          <h1
            className="MuiTypography-root MuiTypography-display3 d-inline text-white p-2 bg-dark"
          >
            
          </h1>
        </div>
        <div
          className="my-3"
        >
          <h1
            className="MuiTypography-root MuiTypography-headline d-inline text-white p-2"
          >
            RxJS, Scala, TypeScript 
            
          </h1>
        </div>
        <div
          className="my-2"
        >
          <a
            className="MuiButtonBase-root MuiButton-root MuiButton-contained MuiButton-raised"
            href="/contact"
            onBlur={[Function]}
            onClick={[Function]}
            onContextMenu={[Function]}
            onFocus={[Function]}
            onKeyDown={[Function]}
            onKeyUp={[Function]}
            onMouseDown={[Function]}
            onMouseLeave={[Function]}
            onMouseUp={[Function]}
            onTouchEnd={[Function]}
            onTouchMove={[Function]}
            onTouchStart={[Function]}
            role="button"
            tabIndex="0"
          >
            <span
              className="MuiButton-label"
            >
              
            </span>
            <span
              className="MuiTouchRipple-root"
            />
          </a>
        </div>
      </div>
      <div
        className="col-12 col-md-6"
      >
        <div
          className="bg-dark p-3"
        >
          <p
            className="MuiTypography-root MuiTypography-body1 d-inline text-white"
          >
            
          </p>
          <div
            className="row m-1 mt-2"
          >
            <div
              className="col d-flex justify-content-center"
            >
              <div>
                <div
                  className="MuiAvatar-root"
                >
                  <img
                    alt="Scala"
                    className="MuiAvatar-img"
                    src="https://res.cloudinary.com/codestar/image/upload/f_auto/w_80/v1542784068/codestar.nl/images/technologies/scala.svg"
                  />
                </div>
              </div>
            </div>
            <div
              className="col d-flex justify-content-center"
            >
              <div>
                <div
                  className="MuiAvatar-root"
                >
                  <img
                    alt="Kotlin"
                    className="MuiAvatar-img"
                    src="https://res.cloudinary.com/codestar/image/upload/f_auto/w_80/v1542784068/codestar.nl/images/technologies/kotlin.svg"
                  />
                </div>
              </div>
            </div>
            <div
              className="col d-flex justify-content-center"
            >
              <div>
                <div
                  className="MuiAvatar-root"
                >
                  <img
                    alt="RxJS"
                    className="MuiAvatar-img"
                    src="https://res.cloudinary.com/codestar/image/upload/f_auto/w_80/v1542784068/codestar.nl/images/technologies/rxjs.svg"
                  />
                </div>
              </div>
            </div>
            <div
              className="col d-flex justify-content-center"
            >
              <div>
                <div
                  className="MuiAvatar-root"
                >
                  <img
                    alt="TypeScript"
                    className="MuiAvatar-img"
                    src="https://res.cloudinary.com/codestar/image/upload/f_auto/w_80/v1542784068/codestar.nl/images/technologies/typescript.svg"
                  />
                </div>
              </div>
            </div>
          </div>
        </div>
      </div>
    </div>
  </div>
</section>
`;
