// Jest Snapshot v1, https://goo.gl/fbAQLP

exports[`<TrainingsSection /> must match the static training section 1`] = `
<section
  className="
			section
			WithTheme(WithWidth(Section))-section"
  name="trainings"
>
  <div
    className="WithTheme(WithWidth(Section))-element"
    name="trainings"
  />
  <img
    alt="Person receiving training at Codestar"
    className="asBackgroundImage"
    sizes="100w"
    src="/images/jobs/codestar_4.png"
    srcSet="responsive-image 375w, responsive-image 800w, responsive-image 1280w, responsive-image 1536w, responsive-image 1920w"
    title=""
  />
  <div
    className="
			container
			
			
			WithTheme(WithWidth(Container))-fullHeight
			
			
			WithTheme(WithWidth(Container))-containerCenter
		"
  >
    <div
      className="row"
    >
      <div
        className="col-12 col-lg-6"
      >
        <div
          className="mt-4"
        >
          <h2
            className="MuiTypography-root MuiTypography-h2 d-inline text-white p-2 bg-dark"
          >
            TRAININGS
          </h2>
        </div>
        <div
          className="my-3"
        >
          <h5
            className="MuiTypography-root MuiTypography-h5 d-inline text-white p-2"
          >
            RxJS, Scala, TypeScript 
            TRAININGS
          </h5>
        </div>
        <div
          className="my-2"
        >
          <a
            className="MuiButtonBase-root MuiButton-root MuiButton-contained MuiButton-raised"
            href="/contact"
            onBlur={[Function]}
            onClick={[Function]}
            onContextMenu={[Function]}
            onFocus={[Function]}
            onKeyDown={[Function]}
            onKeyUp={[Function]}
            onMouseDown={[Function]}
            onMouseLeave={[Function]}
            onMouseUp={[Function]}
            onTouchEnd={[Function]}
            onTouchMove={[Function]}
            onTouchStart={[Function]}
            role="button"
            tabIndex="0"
          >
            <span
              className="MuiButton-label"
            >
              BOOK_A_TRAINING
            </span>
            <span
              className="MuiTouchRipple-root"
            />
          </a>
        </div>
      </div>
      <div
        className="col-12 col-md-6"
      >
        <div
          className="bg-dark p-3"
        >
          <p
            className="MuiTypography-root MuiTypography-body1 d-inline text-white"
          >
            TRAININGS_TEXT
          </p>
          <div
            className="row m-1 mt-2"
          >
            <div
              className="col d-flex justify-content-center"
            >
              <div>
                <div
                  className="MuiAvatar-root"
                >
                  <img
                    alt="Scala"
                    className="MuiAvatar-img"
                    src="responsive-image"
                  />
                </div>
              </div>
            </div>
            <div
              className="col d-flex justify-content-center"
            >
              <div>
                <div
                  className="MuiAvatar-root"
                >
                  <img
                    alt="Kotlin"
                    className="MuiAvatar-img"
                    src="responsive-image"
                  />
                </div>
              </div>
            </div>
            <div
              className="col d-flex justify-content-center"
            >
              <div>
                <div
                  className="MuiAvatar-root"
                >
                  <img
                    alt="RxJS"
                    className="MuiAvatar-img"
                    src="responsive-image"
                  />
                </div>
              </div>
            </div>
            <div
              className="col d-flex justify-content-center"
            >
              <div>
                <div
                  className="MuiAvatar-root"
                >
                  <img
                    alt="TypeScript"
                    className="MuiAvatar-img"
                    src="responsive-image"
                  />
                </div>
              </div>
            </div>
          </div>
        </div>
      </div>
    </div>
  </div>
</section>
`;
