// Jest Snapshot v1, https://goo.gl/fbAQLP

exports[`<Heading /> Snaphot must match h1 1`] = `
<h1
  className="headingBlack"
>
  Awesome h1 heading
</h1>
`;

exports[`<Heading /> Snaphot must match h2 1`] = `
<h2
  className="headingBlack"
>
  Awesome h2 heading
</h2>
`;

exports[`<Heading /> Snaphot must match h3 1`] = `
<h3
  className="headingBlack"
>
  Awesome h3 heading
</h3>
`;

exports[`<Heading /> Snaphot must match h4 1`] = `
<h4
  className="headingBlack"
>
  Awesome h4 heading
</h4>
`;
