// Jest Snapshot v1, https://goo.gl/fbAQLP

exports[`<App /> renders the App 1`] = `
Array [
  <nav-container
    history={
      Object {
        "action": "POP",
        "block": [Function],
        "createHref": [Function],
        "go": [Function],
        "goBack": [Function],
        "goForward": [Function],
        "length": 1,
        "listen": [Function],
        "location": Object {
          "hash": "",
          "pathname": "/",
          "search": "",
          "state": undefined,
        },
        "push": [Function],
        "replace": [Function],
      }
    }
  />,
  <div
    style={
      Object {
        "minHeight": "100vh",
      }
    }
  >
    <scroll-to-top>
      <div
        style={
          Object {
            "alignItems": "center",
            "display": "flex",
            "flex": 1,
            "height": "100%",
            "justifyContent": "center",
            "minHeight": "inherit",
          }
        }
      >
        <span
          style={
            Object {
              "color": "white",
              "fontSize": "20px",
            }
          }
        >
          Loading...
        </span>
      </div>
    </scroll-to-top>
  </div>,
  <footer />,
]
`;
