// Jest Snapshot v1, https://goo.gl/fbAQLP

exports[`OurStack shows icons for each technology 1`] = `
<div>
  <div
    className="MuiPaper-root-1 MuiPaper-elevation1-4 MuiPaper-rounded-2"
  >
    <div
      className="row justify-content-between"
    >
      <div
        className="col-auto mb-1"
      >
        
        <span
          className="MuiTypography-root-28 MuiTypography-caption-38"
        >
          
        </span>
      </div>
      <div
        className="col-auto mr-1"
      >
        <div
          className="row"
        >
          <div>
            <div
              className="MuiAvatar-root-70"
            >
              <img
                alt="Typescript"
                className="MuiAvatar-img-72"
                src="https://res.cloudinary.com/codestar/image/upload/f_auto/w_80/v1542784068/codestar.nl/images/technologies/typescript.png"
              />
            </div>
          </div>
          <div>
            <div
              className="MuiAvatar-root-70"
            >
              <img
                alt="React"
                className="MuiAvatar-img-72"
                src="https://res.cloudinary.com/codestar/image/upload/f_auto/w_80/v1542784068/codestar.nl/images/technologies/react.png"
              />
            </div>
          </div>
          <div>
            <div
              className="MuiAvatar-root-70"
            >
              <img
                alt="Redux"
                className="MuiAvatar-img-72"
                src="https://res.cloudinary.com/codestar/image/upload/f_auto/w_80/v1542784068/codestar.nl/images/technologies/redux.png"
              />
            </div>
          </div>
          <div>
            <div
              className="MuiAvatar-root-70"
            >
              <img
                alt="Angular"
                className="MuiAvatar-img-72"
                src="https://res.cloudinary.com/codestar/image/upload/f_auto/w_80/v1542784068/codestar.nl/images/technologies/angular.png"
              />
            </div>
          </div>
          <div>
            <div
              className="MuiAvatar-root-70"
            >
              <img
                alt="RxJS"
                className="MuiAvatar-img-72"
                src="https://res.cloudinary.com/codestar/image/upload/f_auto/w_80/v1542784068/codestar.nl/images/technologies/rxjs.png"
              />
            </div>
          </div>
        </div>
      </div>
    </div>
  </div>
  <div
    className="MuiPaper-root-1 MuiPaper-elevation1-4 MuiPaper-rounded-2"
  >
    <div
      className="row justify-content-between"
    >
      <div
        className="col-auto mb-1"
      >
        
        <span
          className="MuiTypography-root-28 MuiTypography-caption-38"
        >
          
        </span>
      </div>
      <div
        className="col-auto mr-1"
      >
        <div
          className="row"
        >
          <div>
            <div
              className="MuiAvatar-root-70"
            >
              <img
                alt="Scala"
                className="MuiAvatar-img-72"
                src="https://res.cloudinary.com/codestar/image/upload/f_auto/w_80/v1542784068/codestar.nl/images/technologies/scala.svg"
              />
            </div>
          </div>
          <div>
            <div
              className="MuiAvatar-root-70"
            >
              <img
                alt="Akka"
                className="MuiAvatar-img-72"
                src="https://res.cloudinary.com/codestar/image/upload/f_auto/w_80/v1542784068/codestar.nl/images/technologies/akka.svg"
              />
            </div>
          </div>
          <div>
            <div
              className="MuiAvatar-root-70"
            >
              <img
                alt="Spray"
                className="MuiAvatar-img-72"
                src="https://res.cloudinary.com/codestar/image/upload/f_auto/w_80/v1542784068/codestar.nl/images/technologies/spray.png"
              />
            </div>
          </div>
          <div>
            <div
              className="MuiAvatar-root-70"
            >
              <img
                alt="Spark"
                className="MuiAvatar-img-72"
                src="https://res.cloudinary.com/codestar/image/upload/f_auto/w_80/v1542784068/codestar.nl/images/technologies/spark.png"
              />
            </div>
          </div>
          <div>
            <div
              className="MuiAvatar-root-70"
            >
              <img
                alt="Cassandra"
                className="MuiAvatar-img-72"
                src="https://res.cloudinary.com/codestar/image/upload/f_auto/w_80/v1542784068/codestar.nl/images/technologies/cassandra.png"
              />
            </div>
          </div>
          <div>
            <div
              className="MuiAvatar-root-70"
            >
              <img
                alt="Kafka"
                className="MuiAvatar-img-72"
                src="https://res.cloudinary.com/codestar/image/upload/f_auto/w_80/v1542784068/codestar.nl/images/technologies/kafka.png"
              />
            </div>
          </div>
        </div>
      </div>
    </div>
  </div>
  <div
    className="MuiPaper-root-1 MuiPaper-elevation1-4 MuiPaper-rounded-2"
  >
    <div
      className="row justify-content-between"
    >
      <div
        className="col-auto mb-1"
      >
        
        <span
          className="MuiTypography-root-28 MuiTypography-caption-38"
        >
          
        </span>
      </div>
      <div
        className="col-auto mr-1"
      >
        <div
          className="row"
        >
          <div>
            <div
              className="MuiAvatar-root-70"
            >
              <img
                alt="Docker"
                className="MuiAvatar-img-72"
                src="https://res.cloudinary.com/codestar/image/upload/f_auto/w_80/v1542784068/codestar.nl/images/technologies/docker.png"
              />
            </div>
          </div>
          <div>
            <div
              className="MuiAvatar-root-70"
            >
              <img
                alt="Mesos"
                className="MuiAvatar-img-72"
                src="https://res.cloudinary.com/codestar/image/upload/f_auto/w_80/v1542784068/codestar.nl/images/technologies/mesos.jpg"
              />
            </div>
          </div>
          <div>
            <div
              className="MuiAvatar-root-70"
            >
              <img
                alt="Kubernetes"
                className="MuiAvatar-img-72"
                src="https://res.cloudinary.com/codestar/image/upload/f_auto/w_80/v1542784068/codestar.nl/images/technologies/kubernetes.png"
              />
            </div>
          </div>
          <div>
            <div
              className="MuiAvatar-root-70"
            >
              <img
                alt="AWS"
                className="MuiAvatar-img-72"
                src="https://res.cloudinary.com/codestar/image/upload/f_auto/w_80/v1542784068/codestar.nl/images/technologies/aws.png"
              />
            </div>
          </div>
        </div>
      </div>
    </div>
  </div>
</div>
`;
